  Файл: /home/user1
  Размер: 4096      	Блоков: 8          Блок В/В: 4096   каталог
Устройство: 8/4	Инода: 442286      Ссылки: 2
Доступ: (0700/drwx------)  Uid: ( 1234/   user1)   Gid: ( 1234/   user1)
Контекст: unconfined_u:object_r:user_home_dir_t:s0
Доступ:        2026-09-12 16:04:08.286380148 +0300
Модифицирован: 2026-09-12 16:41:14.276720885 +0300
Изменён:       2026-09-12 16:41:14.276720885 +0300
Создан:        2026-09-12 15:55:38.439783201 +0300
  Файл: /home/user1/mymkdir
  Размер: 78288     	Блоков: 160        Блок В/В: 4096   обычный файл
Устройство: 8/4	Инода: 442299      Ссылки: 1
Доступ: (4755/-rwsr-xr-x)  Uid: (    0/    root)   Gid: (    0/    root)
Контекст: unconfined_u:object_r:user_home_t:s0
Доступ:        2026-09-12 16:24:07.798053383 +0300
Модифицирован: 2026-09-12 16:18:39.657036517 +0300
Изменён:       2026-09-12 16:20:28.328728138 +0300
Создан:        2026-09-12 16:18:39.656036483 +0300
  Файл: /home/user1/mychmod
  Размер: 57608     	Блоков: 128        Блок В/В: 4096   обычный файл
Устройство: 8/4	Инода: 442300      Ссылки: 1
Доступ: (0755/-rwxr-xr-x)  Uid: (    0/    root)   Gid: (    0/    root)
Контекст: unconfined_u:object_r:user_home_t:s0
Доступ:        2026-09-12 16:33:12.867899969 +0300
Модифицирован: 2026-09-12 16:28:14.735204305 +0300
Изменён:       2026-09-12 16:29:50.358252267 +0300
Создан:        2026-09-12 16:28:14.735204305 +0300
